../Core/Src/main.c:122:5:_write	24	static
../Core/Src/main.c:135:5:main	8	static
../Core/Src/main.c:231:6:SystemClock_Config	96	static
../Core/Src/main.c:281:13:MX_ADC2_Init	32	static
../Core/Src/main.c:339:13:MX_I2C1_Init	8	static
../Core/Src/main.c:387:13:MX_TIM2_Init	48	static
../Core/Src/main.c:436:13:MX_TIM3_Init	48	static
../Core/Src/main.c:485:13:MX_USART2_UART_Init	8	static
../Core/Src/main.c:520:13:MX_GPIO_Init	48	static
../Core/Src/main.c:568:6:StartDefaultTask	16	static
../Core/Src/main.c:586:13:commTask	16	static
../Core/Src/main.c:604:13:blinkLed	16	static
../Core/Src/main.c:622:13:buzzerTask	16	static
../Core/Src/main.c:640:13:alarmTask	16	static
../Core/Src/main.c:655:6:Error_Handler	4	static,ignoring_inline_asm
